Correctness: 549208 reference cases per version passed
Measured adde
Measured addic
Measured addc
Measured addme
Measured addze
Measured subfic
Measured subfc
Measured subfe
Measured subfme
Measured subfze
Measured add
Measured subf
{
  "adde": {
    "random": {
      "before_ns": 4.6986916999999995,
      "after_ns": 1.9997958,
      "change_percent": -57.43930592424269
    },
    "predictable": {
      "before_ns": 2.8513126,
      "after_ns": 3.1236334,
      "change_percent": 9.550717097802618
    }
  },
  "addic": {
    "random": {
      "before_ns": 3.7883915999999997,
      "after_ns": 3.8035125,
      "change_percent": 0.39913772377704326
    },
    "predictable": {
      "before_ns": 2.6947124000000002,
      "after_ns": 2.7109916,
      "change_percent": 0.6041164170246693
    }
  },
  "addc": {
    "random": {
      "before_ns": 3.6974042000000003,
      "after_ns": 1.9345083,
      "change_percent": -47.67928537539932
    },
    "predictable": {
      "before_ns": 2.834775,
      "after_ns": 2.7878001,
      "change_percent": -1.6570944783977581
    }
  },
  "addme": {
    "random": {
      "before_ns": 3.8513583000000002,
      "after_ns": 3.7417917,
      "change_percent": -2.8448820251286477
    },
    "predictable": {
      "before_ns": 3.7082375,
      "after_ns": 3.4358083,
      "change_percent": -7.346595249090704
    }
  },
  "addze": {
    "random": {
      "before_ns": 3.6594040999999997,
      "after_ns": 3.6577792000000002,
      "change_percent": -0.04440340436847601
    },
    "predictable": {
      "before_ns": 3.1125249999999998,
      "after_ns": 3.1076375,
      "change_percent": -0.1570268511899453
    }
  },
  "subfic": {
    "random": {
      "before_ns": 3.8620166,
      "after_ns": 3.8021167,
      "change_percent": -1.5510005834775575
    },
    "predictable": {
      "before_ns": 2.7790375000000003,
      "after_ns": 2.7200958,
      "change_percent": -2.1209393540029597
    }
  },
  "subfc": {
    "random": {
      "before_ns": 3.6493126,
      "after_ns": 3.7853042,
      "change_percent": 3.7264990672490006
    },
    "predictable": {
      "before_ns": 2.7808165999999996,
      "after_ns": 2.8589667,
      "change_percent": 2.810329167338832
    }
  },
  "subfe": {
    "random": {
      "before_ns": 3.9057666,
      "after_ns": 3.8139542,
      "change_percent": -2.3506883386221866
    },
    "predictable": {
      "before_ns": 3.4148249,
      "after_ns": 3.1209126,
      "change_percent": -8.606950827844795
    }
  },
  "subfme": {
    "random": {
      "before_ns": 3.630425,
      "after_ns": 3.7849334,
      "change_percent": 4.255931468078811
    },
    "predictable": {
      "before_ns": 2.7286292000000003,
      "after_ns": 3.4167584,
      "change_percent": 25.218860811135492
    }
  },
  "subfze": {
    "random": {
      "before_ns": 3.6422917000000004,
      "after_ns": 3.7093040999999998,
      "change_percent": 1.8398416579319843
    },
    "predictable": {
      "before_ns": 2.8363,
      "after_ns": 3.1180666,
      "change_percent": 9.934301731128592
    }
  },
  "add": {
    "random": {
      "before_ns": 3.6044667,
      "after_ns": 3.6243416,
      "change_percent": 0.5513964104592706
    },
    "predictable": {
      "before_ns": 2.5277874999999996,
      "after_ns": 2.5566167,
      "change_percent": 1.1404914376703212
    }
  },
  "subf": {
    "random": {
      "before_ns": 3.6044791,
      "after_ns": 3.6189999999999998,
      "change_percent": 0.4028571007666626
    },
    "predictable": {
      "before_ns": 2.5438959,
      "after_ns": 2.5439793,
      "change_percent": 0.0032784360397775103
    }
  }
}
