( uptime  )                    file:line     v| 
(   0.000s)              loguru.cpp:668   INFO| arguments: /Users/mihai/Developer/source/infinite-mac/dingusppc/build-xcode/bin/Release/bench1
(   0.000s)              loguru.cpp:671   INFO| Current dir: /Users/mihai/Developer/source/retro/dolphin
(   0.000s)              loguru.cpp:673   INFO| stderr verbosity: 0
(   0.000s)              loguru.cpp:674   INFO| -----------------------------------
(   0.000s)         memctrlbase.cpp:359   INFO| Added mmio region 0xFE000000..0xFE00FFFF (Grackle)
(   0.000s)         memctrlbase.cpp:359   INFO| Added mmio region 0xFEC00000..0xFEEFFFFF (Grackle)
(   0.000s)         memctrlbase.cpp:236   INFO| Added mem region 0x0..0x8FFF (RAM,) -> 0x0
(   0.001s)              bench1.cpp:83    INFO| Test size: 0x8000
(   0.001s)              bench1.cpp:84    INFO| First few bytes:
(   0.001s)              bench1.cpp:130   INFO| PPC endian mode disabled
(   0.001s)              bench1.cpp:146   INFO| Memory endian mode disabled
(   0.001s)              bench1.cpp:162   INFO| Log instructions disabled
(   0.001s)              bench1.cpp:165   INFO| Checksum: 0xF376152A
(   0.001s)              bench1.cpp:177   INFO| Overhead Time: 0 ns
(   0.001s)              bench1.cpp:180   INFO| Doing ppc_exec
(   0.001s)             ppcexec.cpp:103   INFO| power_off_reason changed to po_benchmark_exception at "/Users/mihai/Developer/source/infinite-mac/dingusppc/benchmark/bench1.cpp":32
(   0.019s)              bench1.cpp:200   INFO| (1) 83667 ns, 373.5045 MiB/s
(   0.036s)              bench1.cpp:200   INFO| (2) 80667 ns, 387.3951 MiB/s
(   0.054s)              bench1.cpp:200   INFO| (3) 80834 ns, 386.5947 MiB/s
(   0.071s)              bench1.cpp:200   INFO| (4) 80541 ns, 388.0011 MiB/s
(   0.087s)              bench1.cpp:200   INFO| (5) 80750 ns, 386.9969 MiB/s
(   0.087s)              bench1.cpp:180   INFO| Doing ppc_exec_until
(   0.104s)              bench1.cpp:200   INFO| (1) 80167 ns, 389.8113 MiB/s
(   0.122s)              bench1.cpp:200   INFO| (2) 80041 ns, 390.4249 MiB/s
(   0.141s)              bench1.cpp:200   INFO| (3) 80125 ns, 390.0156 MiB/s
(   0.160s)              bench1.cpp:200   INFO| (4) 80083 ns, 390.2201 MiB/s
(   0.178s)              bench1.cpp:200   INFO| (5) 80167 ns, 389.8113 MiB/s
(   0.178s)              loguru.cpp:544   INFO| atexit
108f6b493b318d8fbdf514d30c35ca13514d4ee5568b008fefbcc075332a03d3
4f30619a9f7ebba90f6649c903617aaed2f05a080bf74be6638216eef98b30aa
