( uptime  )                    file:line     v| 
(   0.000s)              loguru.cpp:665   INFO| arguments: /private/tmp/dppc-na1w-jit-20261007/bench1-x86_64
(   0.001s)              loguru.cpp:668   INFO| Current dir: /Users/mihai/Developer/source/infinite-mac/dingusppc
(   0.001s)              loguru.cpp:670   INFO| stderr verbosity: 0
(   0.001s)              loguru.cpp:671   INFO| -----------------------------------
(   0.001s)         memctrlbase.cpp:359   INFO| Added mmio region 0xFE000000..0xFE00FFFF (Grackle)
(   0.001s)         memctrlbase.cpp:359   INFO| Added mmio region 0xFEC00000..0xFEEFFFFF (Grackle)
(   0.001s)         memctrlbase.cpp:236   INFO| Added mem region 0x0..0x8FFF (RAM,) -> 0x0
(   0.003s)              bench1.cpp:89    INFO| Test size: 0x8000
(   0.003s)              bench1.cpp:90    INFO| First few bytes:
(   0.003s)              bench1.cpp:136   INFO| PPC endian mode disabled
(   0.003s)              bench1.cpp:152   INFO| Memory endian mode disabled
(   0.003s)              bench1.cpp:168   INFO| Log instructions disabled
(   0.003s)              bench1.cpp:171   INFO| Checksum: 0xF376152A
(   0.003s)              bench1.cpp:175   INFO| Mode: interpreter (ppc_exec_until remains interpreter)
(   0.004s)             ppcexec.cpp:109   INFO| power_off_reason changed to po_benchmark_exception at "/tmp/dppc-na1w-jit-20261007/source/benchmark/bench1.cpp":36
(   0.004s)              bench1.cpp:197   INFO| Overhead Time: 0 ns
(   0.004s)              bench1.cpp:200   INFO| Doing ppc_exec
(   0.048s)              bench1.cpp:221   INFO| (1) 210875 ns, 148.1921 MiB/s
(   0.093s)              bench1.cpp:221   INFO| (2) 216250 ns, 144.5087 MiB/s
(   0.138s)              bench1.cpp:221   INFO| (3) 215959 ns, 144.7034 MiB/s
(   0.183s)              bench1.cpp:221   INFO| (4) 215958 ns, 144.7041 MiB/s
(   0.228s)              bench1.cpp:221   INFO| (5) 210958 ns, 148.1338 MiB/s
(   0.228s)              bench1.cpp:200   INFO| Doing ppc_exec_until
(   0.261s)              bench1.cpp:221   INFO| (1) 155667 ns, 200.7490 MiB/s
(   0.294s)              bench1.cpp:221   INFO| (2) 160584 ns, 194.6022 MiB/s
(   0.328s)              bench1.cpp:221   INFO| (3) 160458 ns, 194.7550 MiB/s
(   0.361s)              bench1.cpp:221   INFO| (4) 160000 ns, 195.3125 MiB/s
(   0.395s)              bench1.cpp:221   INFO| (5) 157125 ns, 198.8862 MiB/s
(   0.395s)              bench1.cpp:227   INFO| JIT native blocks: 0, interpreter handoffs: 0
(   0.395s)              loguru.cpp:541   INFO| atexit
108f6b493b318d8fbdf514d30c35ca13514d4ee5568b008fefbcc075332a03d3
4f30619a9f7ebba90f6649c903617aaed2f05a080bf74be6638216eef98b30aa
