( uptime  )                    file:line     v| 
(   0.000s)              loguru.cpp:665   INFO| arguments: /private/tmp/dppc-na1w-jit-20261007/bench1-x86_64
(   0.001s)              loguru.cpp:668   INFO| Current dir: /Users/mihai/Developer/source/infinite-mac/dingusppc
(   0.001s)              loguru.cpp:670   INFO| stderr verbosity: 0
(   0.001s)              loguru.cpp:671   INFO| -----------------------------------
(   0.002s)         memctrlbase.cpp:359   INFO| Added mmio region 0xFE000000..0xFE00FFFF (Grackle)
(   0.002s)         memctrlbase.cpp:359   INFO| Added mmio region 0xFEC00000..0xFEEFFFFF (Grackle)
(   0.002s)         memctrlbase.cpp:236   INFO| Added mem region 0x0..0x8FFF (RAM,) -> 0x0
(   0.003s)              bench1.cpp:89    INFO| Test size: 0x8000
(   0.003s)              bench1.cpp:90    INFO| First few bytes:
(   0.003s)              bench1.cpp:136   INFO| PPC endian mode disabled
(   0.003s)              bench1.cpp:152   INFO| Memory endian mode disabled
(   0.003s)              bench1.cpp:168   INFO| Log instructions disabled
(   0.003s)              bench1.cpp:171   INFO| Checksum: 0xF376152A
(   0.003s)              bench1.cpp:175   INFO| Mode: interpreter (ppc_exec_until remains interpreter)
(   0.004s)             ppcexec.cpp:109   INFO| power_off_reason changed to po_benchmark_exception at "/tmp/dppc-na1w-jit-20261007/source/benchmark/bench1.cpp":36
(   0.004s)              bench1.cpp:197   INFO| Overhead Time: 0 ns
(   0.004s)              bench1.cpp:200   INFO| Doing ppc_exec
(   0.039s)              bench1.cpp:221   INFO| (1) 173125 ns, 180.5054 MiB/s
(   0.075s)              bench1.cpp:221   INFO| (2) 173292 ns, 180.3315 MiB/s
(   0.111s)              bench1.cpp:221   INFO| (3) 173083 ns, 180.5492 MiB/s
(   0.147s)              bench1.cpp:221   INFO| (4) 173250 ns, 180.3752 MiB/s
(   0.183s)              bench1.cpp:221   INFO| (5) 173500 ns, 180.1153 MiB/s
(   0.183s)              bench1.cpp:200   INFO| Doing ppc_exec_until
(   0.208s)              bench1.cpp:221   INFO| (1) 122625 ns, 254.8420 MiB/s
(   0.233s)              bench1.cpp:221   INFO| (2) 122833 ns, 254.4105 MiB/s
(   0.259s)              bench1.cpp:221   INFO| (3) 122708 ns, 254.6696 MiB/s
(   0.284s)              bench1.cpp:221   INFO| (4) 122750 ns, 254.5825 MiB/s
(   0.310s)              bench1.cpp:221   INFO| (5) 122458 ns, 255.1895 MiB/s
(   0.310s)              bench1.cpp:227   INFO| JIT native blocks: 0, interpreter handoffs: 0
(   0.310s)              loguru.cpp:541   INFO| atexit
108f6b493b318d8fbdf514d30c35ca13514d4ee5568b008fefbcc075332a03d3
4f30619a9f7ebba90f6649c903617aaed2f05a080bf74be6638216eef98b30aa
