( uptime  )                    file:line     v| 
(   0.000s)              loguru.cpp:665   INFO| arguments: /private/tmp/dppc-na1w-jit-20261007/bench1-x86_64 --jit
(   0.001s)              loguru.cpp:668   INFO| Current dir: /Users/mihai/Developer/source/infinite-mac/dingusppc
(   0.001s)              loguru.cpp:670   INFO| stderr verbosity: 0
(   0.001s)              loguru.cpp:671   INFO| -----------------------------------
(   0.001s)         memctrlbase.cpp:359   INFO| Added mmio region 0xFE000000..0xFE00FFFF (Grackle)
(   0.002s)         memctrlbase.cpp:359   INFO| Added mmio region 0xFEC00000..0xFEEFFFFF (Grackle)
(   0.002s)         memctrlbase.cpp:236   INFO| Added mem region 0x0..0x8FFF (RAM,) -> 0x0
(   0.003s)              bench1.cpp:89    INFO| Test size: 0x8000
(   0.003s)              bench1.cpp:90    INFO| First few bytes:
(   0.004s)              bench1.cpp:136   INFO| PPC endian mode disabled
(   0.004s)              bench1.cpp:152   INFO| Memory endian mode disabled
(   0.004s)              bench1.cpp:168   INFO| Log instructions disabled
(   0.004s)              bench1.cpp:171   INFO| Checksum: 0xF376152A
(   0.004s)              bench1.cpp:175   INFO| Mode: jit (ppc_exec_until remains interpreter)
(   0.004s)             ppcexec.cpp:109   INFO| power_off_reason changed to po_benchmark_exception at "/tmp/dppc-na1w-jit-20261007/source/benchmark/bench1.cpp":36
(   0.004s)              bench1.cpp:197   INFO| Overhead Time: 0 ns
(   0.004s)              bench1.cpp:200   INFO| Doing ppc_exec
(   0.046s)              bench1.cpp:221   INFO| (1) 196917 ns, 158.6963 MiB/s
(   0.087s)              bench1.cpp:221   INFO| (2) 201583 ns, 155.0230 MiB/s
(   0.129s)              bench1.cpp:221   INFO| (3) 201583 ns, 155.0230 MiB/s
(   0.170s)              bench1.cpp:221   INFO| (4) 201334 ns, 155.2147 MiB/s
(   0.211s)              bench1.cpp:221   INFO| (5) 200417 ns, 155.9249 MiB/s
(   0.211s)              bench1.cpp:200   INFO| Doing ppc_exec_until
(   0.242s)              bench1.cpp:221   INFO| (1) 148583 ns, 210.3202 MiB/s
(   0.272s)              bench1.cpp:221   INFO| (2) 148542 ns, 210.3782 MiB/s
(   0.303s)              bench1.cpp:221   INFO| (3) 148667 ns, 210.2013 MiB/s
(   0.334s)              bench1.cpp:221   INFO| (4) 148583 ns, 210.3202 MiB/s
(   0.364s)              bench1.cpp:221   INFO| (5) 148583 ns, 210.3202 MiB/s
(   0.365s)              bench1.cpp:227   INFO| JIT native blocks: 9000, interpreter handoffs: 1000
(   0.365s)              loguru.cpp:541   INFO| atexit
108f6b493b318d8fbdf514d30c35ca13514d4ee5568b008fefbcc075332a03d3
4f30619a9f7ebba90f6649c903617aaed2f05a080bf74be6638216eef98b30aa
