( uptime  )                    file:line     v| 
(   0.000s)              loguru.cpp:665   INFO| arguments: /private/tmp/dppc-na1w-jit-20261007/bench1-x86_64 --jit
(   0.001s)              loguru.cpp:668   INFO| Current dir: /Users/mihai/Developer/source/infinite-mac/dingusppc
(   0.001s)              loguru.cpp:670   INFO| stderr verbosity: 0
(   0.001s)              loguru.cpp:671   INFO| -----------------------------------
(   0.002s)         memctrlbase.cpp:359   INFO| Added mmio region 0xFE000000..0xFE00FFFF (Grackle)
(   0.002s)         memctrlbase.cpp:359   INFO| Added mmio region 0xFEC00000..0xFEEFFFFF (Grackle)
(   0.002s)         memctrlbase.cpp:236   INFO| Added mem region 0x0..0x8FFF (RAM,) -> 0x0
(   0.003s)              bench1.cpp:89    INFO| Test size: 0x8000
(   0.003s)              bench1.cpp:90    INFO| First few bytes:
(   0.004s)              bench1.cpp:136   INFO| PPC endian mode disabled
(   0.004s)              bench1.cpp:152   INFO| Memory endian mode disabled
(   0.004s)              bench1.cpp:168   INFO| Log instructions disabled
(   0.004s)              bench1.cpp:171   INFO| Checksum: 0xF376152A
(   0.004s)              bench1.cpp:175   INFO| Mode: jit (ppc_exec_until remains interpreter)
(   0.004s)             ppcexec.cpp:109   INFO| power_off_reason changed to po_benchmark_exception at "/tmp/dppc-na1w-jit-20261007/source/benchmark/bench1.cpp":36
(   0.004s)              bench1.cpp:197   INFO| Overhead Time: 0 ns
(   0.004s)              bench1.cpp:200   INFO| Doing ppc_exec
(   0.035s)              bench1.cpp:221   INFO| (1) 141291 ns, 221.1747 MiB/s
(   0.067s)              bench1.cpp:221   INFO| (2) 141416 ns, 220.9792 MiB/s
(   0.097s)              bench1.cpp:221   INFO| (3) 142250 ns, 219.6837 MiB/s
(   0.129s)              bench1.cpp:221   INFO| (4) 141375 ns, 221.0433 MiB/s
(   0.159s)              bench1.cpp:221   INFO| (5) 141208 ns, 221.3047 MiB/s
(   0.159s)              bench1.cpp:200   INFO| Doing ppc_exec_until
(   0.184s)              bench1.cpp:221   INFO| (1) 117667 ns, 265.5800 MiB/s
(   0.209s)              bench1.cpp:221   INFO| (2) 117666 ns, 265.5822 MiB/s
(   0.234s)              bench1.cpp:221   INFO| (3) 117541 ns, 265.8647 MiB/s
(   0.258s)              bench1.cpp:221   INFO| (4) 117625 ns, 265.6748 MiB/s
(   0.283s)              bench1.cpp:221   INFO| (5) 117500 ns, 265.9574 MiB/s
(   0.283s)              bench1.cpp:227   INFO| JIT native blocks: 9000, interpreter handoffs: 1000
(   0.283s)              loguru.cpp:541   INFO| atexit
108f6b493b318d8fbdf514d30c35ca13514d4ee5568b008fefbcc075332a03d3
4f30619a9f7ebba90f6649c903617aaed2f05a080bf74be6638216eef98b30aa
