( uptime  )                    file:line     v| 
(   0.000s)              loguru.cpp:665   INFO| arguments: /private/tmp/dppc-na1w-jit-20261007/bench1-x86_64 --jit
(   0.001s)              loguru.cpp:668   INFO| Current dir: /Users/mihai/Developer/source/infinite-mac/dingusppc
(   0.001s)              loguru.cpp:670   INFO| stderr verbosity: 0
(   0.001s)              loguru.cpp:671   INFO| -----------------------------------
(   0.002s)         memctrlbase.cpp:359   INFO| Added mmio region 0xFE000000..0xFE00FFFF (Grackle)
(   0.002s)         memctrlbase.cpp:359   INFO| Added mmio region 0xFEC00000..0xFEEFFFFF (Grackle)
(   0.002s)         memctrlbase.cpp:236   INFO| Added mem region 0x0..0x8FFF (RAM,) -> 0x0
(   0.003s)              bench1.cpp:89    INFO| Test size: 0x8000
(   0.003s)              bench1.cpp:90    INFO| First few bytes:
(   0.004s)              bench1.cpp:136   INFO| PPC endian mode disabled
(   0.004s)              bench1.cpp:152   INFO| Memory endian mode disabled
(   0.004s)              bench1.cpp:168   INFO| Log instructions disabled
(   0.004s)              bench1.cpp:171   INFO| Checksum: 0xF376152A
(   0.004s)              bench1.cpp:175   INFO| Mode: jit (ppc_exec_until remains interpreter)
(   0.004s)             ppcexec.cpp:109   INFO| power_off_reason changed to po_benchmark_exception at "/tmp/dppc-na1w-jit-20261007/source/benchmark/bench1.cpp":36
(   0.004s)              bench1.cpp:197   INFO| Overhead Time: 0 ns
(   0.004s)              bench1.cpp:200   INFO| Doing ppc_exec
(   0.037s)              bench1.cpp:221   INFO| (1) 157833 ns, 197.9941 MiB/s
(   0.070s)              bench1.cpp:221   INFO| (2) 158042 ns, 197.7322 MiB/s
(   0.104s)              bench1.cpp:221   INFO| (3) 158708 ns, 196.9025 MiB/s
(   0.138s)              bench1.cpp:221   INFO| (4) 155709 ns, 200.6949 MiB/s
(   0.171s)              bench1.cpp:221   INFO| (5) 155208 ns, 201.3427 MiB/s
(   0.171s)              bench1.cpp:200   INFO| Doing ppc_exec_until
(   0.197s)              bench1.cpp:221   INFO| (1) 126333 ns, 247.3621 MiB/s
(   0.225s)              bench1.cpp:221   INFO| (2) 123583 ns, 252.8665 MiB/s
(   0.251s)              bench1.cpp:221   INFO| (3) 123042 ns, 253.9783 MiB/s
(   0.278s)              bench1.cpp:221   INFO| (4) 122917 ns, 254.2366 MiB/s
(   0.304s)              bench1.cpp:221   INFO| (5) 126000 ns, 248.0159 MiB/s
(   0.304s)              bench1.cpp:227   INFO| JIT native blocks: 9000, interpreter handoffs: 1000
(   0.304s)              loguru.cpp:541   INFO| atexit
108f6b493b318d8fbdf514d30c35ca13514d4ee5568b008fefbcc075332a03d3
4f30619a9f7ebba90f6649c903617aaed2f05a080bf74be6638216eef98b30aa
