( uptime  )                    file:line     v| 
(   0.002s)              loguru.cpp:665   INFO| arguments: /private/tmp/dppc-na1w-jit-20261007/bench1-x86_64
(   0.003s)              loguru.cpp:668   INFO| Current dir: /Users/mihai/Developer/source/infinite-mac/dingusppc
(   0.003s)              loguru.cpp:670   INFO| stderr verbosity: 0
(   0.003s)              loguru.cpp:671   INFO| -----------------------------------
(   0.003s)         memctrlbase.cpp:359   INFO| Added mmio region 0xFE000000..0xFE00FFFF (Grackle)
(   0.003s)         memctrlbase.cpp:359   INFO| Added mmio region 0xFEC00000..0xFEEFFFFF (Grackle)
(   0.003s)         memctrlbase.cpp:236   INFO| Added mem region 0x0..0x8FFF (RAM,) -> 0x0
(   0.005s)              bench1.cpp:89    INFO| Test size: 0x8000
(   0.005s)              bench1.cpp:90    INFO| First few bytes:
(   0.005s)              bench1.cpp:136   INFO| PPC endian mode disabled
(   0.005s)              bench1.cpp:152   INFO| Memory endian mode disabled
(   0.005s)              bench1.cpp:168   INFO| Log instructions disabled
(   0.005s)              bench1.cpp:171   INFO| Checksum: 0xF376152A
(   0.005s)              bench1.cpp:175   INFO| Mode: interpreter (ppc_exec_until remains interpreter)
(   0.005s)             ppcexec.cpp:109   INFO| power_off_reason changed to po_benchmark_exception at "/tmp/dppc-na1w-jit-20261007/source/benchmark/bench1.cpp":36
(   0.005s)              bench1.cpp:197   INFO| Overhead Time: 0 ns
(   0.005s)              bench1.cpp:200   INFO| Doing ppc_exec
(   0.061s)              bench1.cpp:221   INFO| (1) 220208 ns, 141.9113 MiB/s
(   0.110s)              bench1.cpp:221   INFO| (2) 219750 ns, 142.2071 MiB/s
(   0.157s)              bench1.cpp:221   INFO| (3) 219875 ns, 142.1262 MiB/s
(   0.209s)              bench1.cpp:221   INFO| (4) 219708 ns, 142.2342 MiB/s
(   0.270s)              bench1.cpp:221   INFO| (5) 219875 ns, 142.1262 MiB/s
(   0.270s)              bench1.cpp:200   INFO| Doing ppc_exec_until
(   0.305s)              bench1.cpp:221   INFO| (1) 166625 ns, 187.5469 MiB/s
(   0.339s)              bench1.cpp:221   INFO| (2) 166583 ns, 187.5942 MiB/s
(   0.375s)              bench1.cpp:221   INFO| (3) 166542 ns, 187.6404 MiB/s
(   0.411s)              bench1.cpp:221   INFO| (4) 166667 ns, 187.4996 MiB/s
(   0.446s)              bench1.cpp:221   INFO| (5) 162708 ns, 192.0619 MiB/s
(   0.446s)              bench1.cpp:227   INFO| JIT native blocks: 0, interpreter handoffs: 0
(   0.446s)              loguru.cpp:541   INFO| atexit
108f6b493b318d8fbdf514d30c35ca13514d4ee5568b008fefbcc075332a03d3
4f30619a9f7ebba90f6649c903617aaed2f05a080bf74be6638216eef98b30aa
