( uptime  )                    file:line     v| 
(   0.000s)              loguru.cpp:665   INFO| arguments: /private/tmp/dppc-na1w-jit-20261007/bench1-x86_64
(   0.001s)              loguru.cpp:668   INFO| Current dir: /Users/mihai/Developer/source/infinite-mac/dingusppc
(   0.001s)              loguru.cpp:670   INFO| stderr verbosity: 0
(   0.001s)              loguru.cpp:671   INFO| -----------------------------------
(   0.001s)         memctrlbase.cpp:359   INFO| Added mmio region 0xFE000000..0xFE00FFFF (Grackle)
(   0.001s)         memctrlbase.cpp:359   INFO| Added mmio region 0xFEC00000..0xFEEFFFFF (Grackle)
(   0.001s)         memctrlbase.cpp:236   INFO| Added mem region 0x0..0x8FFF (RAM,) -> 0x0
(   0.003s)              bench1.cpp:89    INFO| Test size: 0x8000
(   0.003s)              bench1.cpp:90    INFO| First few bytes:
(   0.003s)              bench1.cpp:136   INFO| PPC endian mode disabled
(   0.003s)              bench1.cpp:152   INFO| Memory endian mode disabled
(   0.003s)              bench1.cpp:168   INFO| Log instructions disabled
(   0.003s)              bench1.cpp:171   INFO| Checksum: 0xF376152A
(   0.003s)              bench1.cpp:175   INFO| Mode: interpreter (ppc_exec_until remains interpreter)
(   0.004s)             ppcexec.cpp:109   INFO| power_off_reason changed to po_benchmark_exception at "/tmp/dppc-na1w-jit-20261007/source/benchmark/bench1.cpp":36
(   0.004s)              bench1.cpp:197   INFO| Overhead Time: 0 ns
(   0.004s)              bench1.cpp:200   INFO| Doing ppc_exec
(   0.034s)              bench1.cpp:221   INFO| (1) 140583 ns, 222.2886 MiB/s
(   0.064s)              bench1.cpp:221   INFO| (2) 141125 ns, 221.4349 MiB/s
(   0.094s)              bench1.cpp:221   INFO| (3) 141042 ns, 221.5652 MiB/s
(   0.124s)              bench1.cpp:221   INFO| (4) 140625 ns, 222.2222 MiB/s
(   0.155s)              bench1.cpp:221   INFO| (5) 141375 ns, 221.0433 MiB/s
(   0.155s)              bench1.cpp:200   INFO| Doing ppc_exec_until
(   0.179s)              bench1.cpp:221   INFO| (1) 117833 ns, 265.2058 MiB/s
(   0.204s)              bench1.cpp:221   INFO| (2) 114833 ns, 272.1343 MiB/s
(   0.229s)              bench1.cpp:221   INFO| (3) 114541 ns, 272.8281 MiB/s
(   0.253s)              bench1.cpp:221   INFO| (4) 114833 ns, 272.1343 MiB/s
(   0.277s)              bench1.cpp:221   INFO| (5) 114541 ns, 272.8281 MiB/s
(   0.278s)              bench1.cpp:227   INFO| JIT native blocks: 0, interpreter handoffs: 0
(   0.278s)              loguru.cpp:541   INFO| atexit
108f6b493b318d8fbdf514d30c35ca13514d4ee5568b008fefbcc075332a03d3
4f30619a9f7ebba90f6649c903617aaed2f05a080bf74be6638216eef98b30aa
