( uptime  )                    file:line     v| 
(   0.001s)              loguru.cpp:665   INFO| arguments: /private/tmp/dppc-na1w-jit-20261007/bench1-x86_64
(   0.002s)              loguru.cpp:668   INFO| Current dir: /Users/mihai/Developer/source/infinite-mac/dingusppc
(   0.002s)              loguru.cpp:670   INFO| stderr verbosity: 0
(   0.002s)              loguru.cpp:671   INFO| -----------------------------------
(   0.002s)         memctrlbase.cpp:359   INFO| Added mmio region 0xFE000000..0xFE00FFFF (Grackle)
(   0.002s)         memctrlbase.cpp:359   INFO| Added mmio region 0xFEC00000..0xFEEFFFFF (Grackle)
(   0.002s)         memctrlbase.cpp:236   INFO| Added mem region 0x0..0x8FFF (RAM,) -> 0x0
(   0.004s)              bench1.cpp:89    INFO| Test size: 0x8000
(   0.004s)              bench1.cpp:90    INFO| First few bytes:
(   0.005s)              bench1.cpp:136   INFO| PPC endian mode disabled
(   0.005s)              bench1.cpp:152   INFO| Memory endian mode disabled
(   0.005s)              bench1.cpp:168   INFO| Log instructions disabled
(   0.005s)              bench1.cpp:171   INFO| Checksum: 0xF376152A
(   0.005s)              bench1.cpp:175   INFO| Mode: interpreter (ppc_exec_until remains interpreter)
(   0.005s)             ppcexec.cpp:109   INFO| power_off_reason changed to po_benchmark_exception at "/tmp/dppc-na1w-jit-20261007/source/benchmark/bench1.cpp":36
(   0.005s)              bench1.cpp:197   INFO| Overhead Time: 0 ns
(   0.005s)              bench1.cpp:200   INFO| Doing ppc_exec
(   0.047s)              bench1.cpp:221   INFO| (1) 169750 ns, 184.0943 MiB/s
(   0.083s)              bench1.cpp:221   INFO| (2) 169708 ns, 184.1398 MiB/s
(   0.118s)              bench1.cpp:221   INFO| (3) 170084 ns, 183.7327 MiB/s
(   0.154s)              bench1.cpp:221   INFO| (4) 165875 ns, 188.3949 MiB/s
(   0.189s)              bench1.cpp:221   INFO| (5) 165583 ns, 188.7271 MiB/s
(   0.189s)              bench1.cpp:200   INFO| Doing ppc_exec_until
(   0.217s)              bench1.cpp:221   INFO| (1) 132625 ns, 235.6268 MiB/s
(   0.245s)              bench1.cpp:221   INFO| (2) 132792 ns, 235.3304 MiB/s
(   0.274s)              bench1.cpp:221   INFO| (3) 132708 ns, 235.4794 MiB/s
(   0.302s)              bench1.cpp:221   INFO| (4) 132625 ns, 235.6268 MiB/s
(   0.329s)              bench1.cpp:221   INFO| (5) 135834 ns, 230.0602 MiB/s
(   0.330s)              bench1.cpp:227   INFO| JIT native blocks: 0, interpreter handoffs: 0
(   0.330s)              loguru.cpp:541   INFO| atexit
108f6b493b318d8fbdf514d30c35ca13514d4ee5568b008fefbcc075332a03d3
4f30619a9f7ebba90f6649c903617aaed2f05a080bf74be6638216eef98b30aa
