( uptime  )                    file:line     v| 
(   0.000s)              loguru.cpp:665   INFO| arguments: /private/tmp/dppc-na1w-jit-20261007/bench1-relaxed-selfloop-quiet-x86_64 --jit
(   0.001s)              loguru.cpp:668   INFO| Current dir: /Users/mihai/Developer/source/infinite-mac/dingusppc
(   0.002s)              loguru.cpp:670   INFO| stderr verbosity: 0
(   0.002s)              loguru.cpp:671   INFO| -----------------------------------
(   0.002s)         memctrlbase.cpp:359   INFO| Added mmio region 0xFE000000..0xFE00FFFF (Grackle)
(   0.002s)         memctrlbase.cpp:359   INFO| Added mmio region 0xFEC00000..0xFEEFFFFF (Grackle)
(   0.002s)         memctrlbase.cpp:236   INFO| Added mem region 0x0..0x8FFF (RAM,) -> 0x0
(   0.004s)              bench1.cpp:89    INFO| Test size: 0x8000
(   0.004s)              bench1.cpp:90    INFO| First few bytes:
(   0.004s)              bench1.cpp:136   INFO| PPC endian mode disabled
(   0.004s)              bench1.cpp:152   INFO| Memory endian mode disabled
(   0.004s)              bench1.cpp:168   INFO| Log instructions disabled
(   0.004s)              bench1.cpp:171   INFO| Checksum: 0xF376152A
(   0.004s)              bench1.cpp:175   INFO| Mode: jit (ppc_exec_until remains interpreter)
(   0.005s)             ppcexec.cpp:109   INFO| power_off_reason changed to po_benchmark_exception at "/tmp/dppc-na1w-jit-20261007/source/benchmark/bench1.cpp":36
(   0.005s)              bench1.cpp:197   INFO| Overhead Time: 0 ns
(   0.005s)              bench1.cpp:200   INFO| Doing ppc_exec
(   0.085s)              bench1.cpp:221   INFO| (1) 251375 ns, 124.3163 MiB/s
(   0.142s)              bench1.cpp:221   INFO| (2) 247542 ns, 126.2412 MiB/s
(   0.198s)              bench1.cpp:221   INFO| (3) 247417 ns, 126.3050 MiB/s
(   0.251s)              bench1.cpp:221   INFO| (4) 241125 ns, 129.6008 MiB/s
[T055] disp=2000000 trans=9 flush=0 native=1999999 cache=9 icyc=18001870 ctx=2000000/0/0/0/0/0/0/0
(   0.304s)              bench1.cpp:221   INFO| (5) 240875 ns, 129.7353 MiB/s
(   0.304s)              bench1.cpp:200   INFO| Doing ppc_exec_until
(   0.329s)              bench1.cpp:221   INFO| (1) 118334 ns, 264.0830 MiB/s
(   0.354s)              bench1.cpp:221   INFO| (2) 121666 ns, 256.8507 MiB/s
(   0.380s)              bench1.cpp:221   INFO| (3) 118958 ns, 262.6978 MiB/s
(   0.405s)              bench1.cpp:221   INFO| (4) 118250 ns, 264.2706 MiB/s
(   0.431s)              bench1.cpp:221   INFO| (5) 122042 ns, 256.0594 MiB/s
(   0.431s)              bench1.cpp:227   INFO| JIT native blocks: 2055000, interpreter handoffs: 0
(   0.431s)              loguru.cpp:541   INFO| atexit
108f6b493b318d8fbdf514d30c35ca13514d4ee5568b008fefbcc075332a03d3
4f30619a9f7ebba90f6649c903617aaed2f05a080bf74be6638216eef98b30aa
