( uptime  )                    file:line     v| 
(   0.000s)              loguru.cpp:665   INFO| arguments: /private/tmp/dppc-na1w-jit-20261007/bench1-x86_64 --jit
(   0.001s)              loguru.cpp:668   INFO| Current dir: /Users/mihai/Developer/source/infinite-mac/dingusppc
(   0.001s)              loguru.cpp:670   INFO| stderr verbosity: 0
(   0.001s)              loguru.cpp:671   INFO| -----------------------------------
(   0.002s)         memctrlbase.cpp:359   INFO| Added mmio region 0xFE000000..0xFE00FFFF (Grackle)
(   0.002s)         memctrlbase.cpp:359   INFO| Added mmio region 0xFEC00000..0xFEEFFFFF (Grackle)
(   0.002s)         memctrlbase.cpp:236   INFO| Added mem region 0x0..0x8FFF (RAM,) -> 0x0
(   0.003s)              bench1.cpp:89    INFO| Test size: 0x8000
(   0.003s)              bench1.cpp:90    INFO| First few bytes:
(   0.003s)              bench1.cpp:136   INFO| PPC endian mode disabled
(   0.003s)              bench1.cpp:152   INFO| Memory endian mode disabled
(   0.003s)              bench1.cpp:168   INFO| Log instructions disabled
(   0.003s)              bench1.cpp:171   INFO| Checksum: 0xF376152A
(   0.003s)              bench1.cpp:175   INFO| Mode: jit (ppc_exec_until remains interpreter)
(   0.004s)             ppcexec.cpp:109   INFO| power_off_reason changed to po_benchmark_exception at "/tmp/dppc-na1w-jit-20261007/source/benchmark/bench1.cpp":36
(   0.004s)              bench1.cpp:197   INFO| Overhead Time: 0 ns
(   0.004s)              bench1.cpp:200   INFO| Doing ppc_exec
(   0.044s)              bench1.cpp:221   INFO| (1) 185500 ns, 168.4636 MiB/s
(   0.085s)              bench1.cpp:221   INFO| (2) 191875 ns, 162.8664 MiB/s
(   0.126s)              bench1.cpp:221   INFO| (3) 197292 ns, 158.3947 MiB/s
(   0.167s)              bench1.cpp:221   INFO| (4) 195000 ns, 160.2564 MiB/s
(   0.208s)              bench1.cpp:221   INFO| (5) 194917 ns, 160.3247 MiB/s
(   0.208s)              bench1.cpp:200   INFO| Doing ppc_exec_until
(   0.242s)              bench1.cpp:221   INFO| (1) 157750 ns, 198.0983 MiB/s
(   0.276s)              bench1.cpp:221   INFO| (2) 158833 ns, 196.7475 MiB/s
(   0.310s)              bench1.cpp:221   INFO| (3) 161458 ns, 193.5488 MiB/s
(   0.344s)              bench1.cpp:221   INFO| (4) 161958 ns, 192.9513 MiB/s
(   0.377s)              bench1.cpp:221   INFO| (5) 161542 ns, 193.4481 MiB/s
(   0.378s)              bench1.cpp:227   INFO| JIT native blocks: 9000, interpreter handoffs: 1000
(   0.378s)              loguru.cpp:541   INFO| atexit
108f6b493b318d8fbdf514d30c35ca13514d4ee5568b008fefbcc075332a03d3
4f30619a9f7ebba90f6649c903617aaed2f05a080bf74be6638216eef98b30aa
