( uptime  )                    file:line     v| 
(   0.000s)              loguru.cpp:665   INFO| arguments: /private/tmp/dppc-na1w-jit-20261007/bench1-x86_64 --jit
(   0.001s)              loguru.cpp:668   INFO| Current dir: /Users/mihai/Developer/source/infinite-mac/dingusppc
(   0.001s)              loguru.cpp:670   INFO| stderr verbosity: 0
(   0.001s)              loguru.cpp:671   INFO| -----------------------------------
(   0.001s)         memctrlbase.cpp:359   INFO| Added mmio region 0xFE000000..0xFE00FFFF (Grackle)
(   0.001s)         memctrlbase.cpp:359   INFO| Added mmio region 0xFEC00000..0xFEEFFFFF (Grackle)
(   0.001s)         memctrlbase.cpp:236   INFO| Added mem region 0x0..0x8FFF (RAM,) -> 0x0
(   0.003s)              bench1.cpp:89    INFO| Test size: 0x8000
(   0.003s)              bench1.cpp:90    INFO| First few bytes:
(   0.003s)              bench1.cpp:136   INFO| PPC endian mode disabled
(   0.003s)              bench1.cpp:152   INFO| Memory endian mode disabled
(   0.003s)              bench1.cpp:168   INFO| Log instructions disabled
(   0.003s)              bench1.cpp:171   INFO| Checksum: 0xF376152A
(   0.003s)              bench1.cpp:175   INFO| Mode: jit (ppc_exec_until remains interpreter)
(   0.004s)             ppcexec.cpp:109   INFO| power_off_reason changed to po_benchmark_exception at "/tmp/dppc-na1w-jit-20261007/source/benchmark/bench1.cpp":36
(   0.004s)              bench1.cpp:197   INFO| Overhead Time: 0 ns
(   0.004s)              bench1.cpp:200   INFO| Doing ppc_exec
(   0.037s)              bench1.cpp:221   INFO| (1) 164792 ns, 189.6330 MiB/s
(   0.071s)              bench1.cpp:221   INFO| (2) 164875 ns, 189.5375 MiB/s
(   0.105s)              bench1.cpp:221   INFO| (3) 165458 ns, 188.8697 MiB/s
(   0.140s)              bench1.cpp:221   INFO| (4) 165375 ns, 188.9645 MiB/s
(   0.173s)              bench1.cpp:221   INFO| (5) 165166 ns, 189.2036 MiB/s
(   0.173s)              bench1.cpp:200   INFO| Doing ppc_exec_until
(   0.201s)              bench1.cpp:221   INFO| (1) 133917 ns, 233.3535 MiB/s
(   0.228s)              bench1.cpp:221   INFO| (2) 133875 ns, 233.4267 MiB/s
(   0.255s)              bench1.cpp:221   INFO| (3) 134000 ns, 233.2090 MiB/s
(   0.282s)              bench1.cpp:221   INFO| (4) 133875 ns, 233.4267 MiB/s
(   0.310s)              bench1.cpp:221   INFO| (5) 133833 ns, 233.5000 MiB/s
(   0.310s)              bench1.cpp:227   INFO| JIT native blocks: 9000, interpreter handoffs: 1000
(   0.311s)              loguru.cpp:541   INFO| atexit
108f6b493b318d8fbdf514d30c35ca13514d4ee5568b008fefbcc075332a03d3
4f30619a9f7ebba90f6649c903617aaed2f05a080bf74be6638216eef98b30aa
