( uptime  )                    file:line     v| 
(   0.000s)              loguru.cpp:665   INFO| arguments: /private/tmp/dppc-na1w-jit-20261007/bench1-x86_64 --jit
(   0.001s)              loguru.cpp:668   INFO| Current dir: /Users/mihai/Developer/source/infinite-mac/dingusppc
(   0.001s)              loguru.cpp:670   INFO| stderr verbosity: 0
(   0.001s)              loguru.cpp:671   INFO| -----------------------------------
(   0.002s)         memctrlbase.cpp:359   INFO| Added mmio region 0xFE000000..0xFE00FFFF (Grackle)
(   0.002s)         memctrlbase.cpp:359   INFO| Added mmio region 0xFEC00000..0xFEEFFFFF (Grackle)
(   0.002s)         memctrlbase.cpp:236   INFO| Added mem region 0x0..0x8FFF (RAM,) -> 0x0
(   0.003s)              bench1.cpp:89    INFO| Test size: 0x8000
(   0.003s)              bench1.cpp:90    INFO| First few bytes:
(   0.004s)              bench1.cpp:136   INFO| PPC endian mode disabled
(   0.004s)              bench1.cpp:152   INFO| Memory endian mode disabled
(   0.004s)              bench1.cpp:168   INFO| Log instructions disabled
(   0.004s)              bench1.cpp:171   INFO| Checksum: 0xF376152A
(   0.004s)              bench1.cpp:175   INFO| Mode: jit (ppc_exec_until remains interpreter)
(   0.005s)             ppcexec.cpp:109   INFO| power_off_reason changed to po_benchmark_exception at "/tmp/dppc-na1w-jit-20261007/source/benchmark/bench1.cpp":36
(   0.005s)              bench1.cpp:197   INFO| Overhead Time: 0 ns
(   0.005s)              bench1.cpp:200   INFO| Doing ppc_exec
(   0.037s)              bench1.cpp:221   INFO| (1) 151500 ns, 206.2706 MiB/s
(   0.069s)              bench1.cpp:221   INFO| (2) 152000 ns, 205.5921 MiB/s
(   0.100s)              bench1.cpp:221   INFO| (3) 151625 ns, 206.1006 MiB/s
(   0.133s)              bench1.cpp:221   INFO| (4) 151833 ns, 205.8182 MiB/s
(   0.165s)              bench1.cpp:221   INFO| (5) 151917 ns, 205.7044 MiB/s
(   0.165s)              bench1.cpp:200   INFO| Doing ppc_exec_until
(   0.191s)              bench1.cpp:221   INFO| (1) 119667 ns, 261.1413 MiB/s
(   0.217s)              bench1.cpp:221   INFO| (2) 119708 ns, 261.0519 MiB/s
(   0.242s)              bench1.cpp:221   INFO| (3) 119875 ns, 260.6882 MiB/s
(   0.267s)              bench1.cpp:221   INFO| (4) 117959 ns, 264.9226 MiB/s
(   0.293s)              bench1.cpp:221   INFO| (5) 119041 ns, 262.5146 MiB/s
(   0.293s)              bench1.cpp:227   INFO| JIT native blocks: 9000, interpreter handoffs: 1000
(   0.293s)              loguru.cpp:541   INFO| atexit
108f6b493b318d8fbdf514d30c35ca13514d4ee5568b008fefbcc075332a03d3
4f30619a9f7ebba90f6649c903617aaed2f05a080bf74be6638216eef98b30aa
