( uptime  )                    file:line     v| 
(   0.000s)              loguru.cpp:665   INFO| arguments: /private/tmp/dppc-na1w-jit-20261007/bench1-x86_64 --jit
(   0.001s)              loguru.cpp:668   INFO| Current dir: /Users/mihai/Developer/source/infinite-mac/dingusppc
(   0.001s)              loguru.cpp:670   INFO| stderr verbosity: 0
(   0.001s)              loguru.cpp:671   INFO| -----------------------------------
(   0.001s)         memctrlbase.cpp:359   INFO| Added mmio region 0xFE000000..0xFE00FFFF (Grackle)
(   0.001s)         memctrlbase.cpp:359   INFO| Added mmio region 0xFEC00000..0xFEEFFFFF (Grackle)
(   0.001s)         memctrlbase.cpp:236   INFO| Added mem region 0x0..0x8FFF (RAM,) -> 0x0
(   0.003s)              bench1.cpp:89    INFO| Test size: 0x8000
(   0.003s)              bench1.cpp:90    INFO| First few bytes:
(   0.003s)              bench1.cpp:136   INFO| PPC endian mode disabled
(   0.003s)              bench1.cpp:152   INFO| Memory endian mode disabled
(   0.003s)              bench1.cpp:168   INFO| Log instructions disabled
(   0.003s)              bench1.cpp:171   INFO| Checksum: 0xF376152A
(   0.003s)              bench1.cpp:175   INFO| Mode: jit (ppc_exec_until remains interpreter)
(   0.004s)             ppcexec.cpp:109   INFO| power_off_reason changed to po_benchmark_exception at "/tmp/dppc-na1w-jit-20261007/source/benchmark/bench1.cpp":36
(   0.004s)              bench1.cpp:197   INFO| Overhead Time: 0 ns
(   0.004s)              bench1.cpp:200   INFO| Doing ppc_exec
(   0.043s)              bench1.cpp:221   INFO| (1) 179042 ns, 174.5401 MiB/s
(   0.081s)              bench1.cpp:221   INFO| (2) 178791 ns, 174.7851 MiB/s
(   0.120s)              bench1.cpp:221   INFO| (3) 179292 ns, 174.2967 MiB/s
(   0.157s)              bench1.cpp:221   INFO| (4) 184042 ns, 169.7982 MiB/s
(   0.195s)              bench1.cpp:221   INFO| (5) 179167 ns, 174.4183 MiB/s
(   0.195s)              bench1.cpp:200   INFO| Doing ppc_exec_until
(   0.223s)              bench1.cpp:221   INFO| (1) 129542 ns, 241.2345 MiB/s
(   0.251s)              bench1.cpp:221   INFO| (2) 132916 ns, 235.1109 MiB/s
(   0.278s)              bench1.cpp:221   INFO| (3) 132542 ns, 235.7743 MiB/s
(   0.306s)              bench1.cpp:221   INFO| (4) 132083 ns, 236.5937 MiB/s
(   0.333s)              bench1.cpp:221   INFO| (5) 129750 ns, 240.8478 MiB/s
(   0.333s)              bench1.cpp:227   INFO| JIT native blocks: 9000, interpreter handoffs: 1000
(   0.333s)              loguru.cpp:541   INFO| atexit
108f6b493b318d8fbdf514d30c35ca13514d4ee5568b008fefbcc075332a03d3
4f30619a9f7ebba90f6649c903617aaed2f05a080bf74be6638216eef98b30aa
