( uptime  )                    file:line     v| 
(   0.000s)              loguru.cpp:665   INFO| arguments: /private/tmp/dppc-na1w-jit-20261007/bench1-relaxed-selfloop-quiet-x86_64 --jit
(   0.001s)              loguru.cpp:668   INFO| Current dir: /Users/mihai/Developer/source/infinite-mac/dingusppc
(   0.001s)              loguru.cpp:670   INFO| stderr verbosity: 0
(   0.001s)              loguru.cpp:671   INFO| -----------------------------------
(   0.001s)         memctrlbase.cpp:359   INFO| Added mmio region 0xFE000000..0xFE00FFFF (Grackle)
(   0.001s)         memctrlbase.cpp:359   INFO| Added mmio region 0xFEC00000..0xFEEFFFFF (Grackle)
(   0.001s)         memctrlbase.cpp:236   INFO| Added mem region 0x0..0x8FFF (RAM,) -> 0x0
(   0.003s)              bench1.cpp:89    INFO| Test size: 0x8000
(   0.003s)              bench1.cpp:90    INFO| First few bytes:
(   0.003s)              bench1.cpp:136   INFO| PPC endian mode disabled
(   0.003s)              bench1.cpp:152   INFO| Memory endian mode disabled
(   0.003s)              bench1.cpp:168   INFO| Log instructions disabled
(   0.003s)              bench1.cpp:171   INFO| Checksum: 0xF376152A
(   0.003s)              bench1.cpp:175   INFO| Mode: jit (ppc_exec_until remains interpreter)
(   0.004s)             ppcexec.cpp:109   INFO| power_off_reason changed to po_benchmark_exception at "/tmp/dppc-na1w-jit-20261007/source/benchmark/bench1.cpp":36
(   0.004s)              bench1.cpp:197   INFO| Overhead Time: 0 ns
(   0.004s)              bench1.cpp:200   INFO| Doing ppc_exec
(   0.051s)              bench1.cpp:221   INFO| (1) 220334 ns, 141.8301 MiB/s
(   0.098s)              bench1.cpp:221   INFO| (2) 226042 ns, 138.2486 MiB/s
(   0.145s)              bench1.cpp:221   INFO| (3) 225875 ns, 138.3509 MiB/s
(   0.192s)              bench1.cpp:221   INFO| (4) 219792 ns, 142.1799 MiB/s
[T055] disp=2000000 trans=9 flush=0 native=1999999 cache=9 icyc=18001870 ctx=2000000/0/0/0/0/0/0/0
(   0.239s)              bench1.cpp:221   INFO| (5) 220041 ns, 142.0190 MiB/s
(   0.239s)              bench1.cpp:200   INFO| Doing ppc_exec_until
(   0.265s)              bench1.cpp:221   INFO| (1) 125250 ns, 249.5010 MiB/s
(   0.291s)              bench1.cpp:221   INFO| (2) 125458 ns, 249.0873 MiB/s
(   0.317s)              bench1.cpp:221   INFO| (3) 125541 ns, 248.9227 MiB/s
(   0.342s)              bench1.cpp:221   INFO| (4) 125458 ns, 249.0873 MiB/s
(   0.368s)              bench1.cpp:221   INFO| (5) 125417 ns, 249.1688 MiB/s
(   0.368s)              bench1.cpp:227   INFO| JIT native blocks: 2055000, interpreter handoffs: 0
(   0.368s)              loguru.cpp:541   INFO| atexit
108f6b493b318d8fbdf514d30c35ca13514d4ee5568b008fefbcc075332a03d3
4f30619a9f7ebba90f6649c903617aaed2f05a080bf74be6638216eef98b30aa
