( uptime  )                    file:line     v| 
(   0.000s)              loguru.cpp:665   INFO| arguments: /private/tmp/dppc-na1w-jit-20261007/bench1-x86_64 --jit
(   0.001s)              loguru.cpp:668   INFO| Current dir: /Users/mihai/Developer/source/infinite-mac/dingusppc
(   0.001s)              loguru.cpp:670   INFO| stderr verbosity: 0
(   0.001s)              loguru.cpp:671   INFO| -----------------------------------
(   0.002s)         memctrlbase.cpp:359   INFO| Added mmio region 0xFE000000..0xFE00FFFF (Grackle)
(   0.002s)         memctrlbase.cpp:359   INFO| Added mmio region 0xFEC00000..0xFEEFFFFF (Grackle)
(   0.002s)         memctrlbase.cpp:236   INFO| Added mem region 0x0..0x8FFF (RAM,) -> 0x0
(   0.003s)              bench1.cpp:89    INFO| Test size: 0x8000
(   0.003s)              bench1.cpp:90    INFO| First few bytes:
(   0.003s)              bench1.cpp:136   INFO| PPC endian mode disabled
(   0.003s)              bench1.cpp:152   INFO| Memory endian mode disabled
(   0.003s)              bench1.cpp:168   INFO| Log instructions disabled
(   0.003s)              bench1.cpp:171   INFO| Checksum: 0xF376152A
(   0.003s)              bench1.cpp:175   INFO| Mode: jit (ppc_exec_until remains interpreter)
(   0.004s)             ppcexec.cpp:109   INFO| power_off_reason changed to po_benchmark_exception at "/tmp/dppc-na1w-jit-20261007/source/benchmark/bench1.cpp":36
(   0.004s)              bench1.cpp:197   INFO| Overhead Time: 0 ns
(   0.004s)              bench1.cpp:200   INFO| Doing ppc_exec
(   0.038s)              bench1.cpp:221   INFO| (1) 161083 ns, 193.9994 MiB/s
(   0.073s)              bench1.cpp:221   INFO| (2) 161208 ns, 193.8489 MiB/s
(   0.108s)              bench1.cpp:221   INFO| (3) 164958 ns, 189.4422 MiB/s
(   0.142s)              bench1.cpp:221   INFO| (4) 160333 ns, 194.9069 MiB/s
(   0.177s)              bench1.cpp:221   INFO| (5) 161041 ns, 194.0500 MiB/s
(   0.177s)              bench1.cpp:200   INFO| Doing ppc_exec_until
(   0.205s)              bench1.cpp:221   INFO| (1) 129625 ns, 241.0800 MiB/s
(   0.237s)              bench1.cpp:221   INFO| (2) 129458 ns, 241.3910 MiB/s
(   0.264s)              bench1.cpp:221   INFO| (3) 129083 ns, 242.0923 MiB/s
(   0.291s)              bench1.cpp:221   INFO| (4) 129875 ns, 240.6160 MiB/s
(   0.319s)              bench1.cpp:221   INFO| (5) 129584 ns, 241.1563 MiB/s
(   0.319s)              bench1.cpp:227   INFO| JIT native blocks: 9000, interpreter handoffs: 1000
(   0.320s)              loguru.cpp:541   INFO| atexit
108f6b493b318d8fbdf514d30c35ca13514d4ee5568b008fefbcc075332a03d3
4f30619a9f7ebba90f6649c903617aaed2f05a080bf74be6638216eef98b30aa
