( uptime  )                    file:line     v| 
(   0.000s)              loguru.cpp:665   INFO| arguments: /private/tmp/dppc-na1w-jit-20261007/bench1-x86_64 --jit
(   0.001s)              loguru.cpp:668   INFO| Current dir: /Users/mihai/Developer/source/infinite-mac/dingusppc
(   0.001s)              loguru.cpp:670   INFO| stderr verbosity: 0
(   0.001s)              loguru.cpp:671   INFO| -----------------------------------
(   0.001s)         memctrlbase.cpp:359   INFO| Added mmio region 0xFE000000..0xFE00FFFF (Grackle)
(   0.001s)         memctrlbase.cpp:359   INFO| Added mmio region 0xFEC00000..0xFEEFFFFF (Grackle)
(   0.001s)         memctrlbase.cpp:236   INFO| Added mem region 0x0..0x8FFF (RAM,) -> 0x0
(   0.003s)              bench1.cpp:89    INFO| Test size: 0x8000
(   0.003s)              bench1.cpp:90    INFO| First few bytes:
(   0.003s)              bench1.cpp:136   INFO| PPC endian mode disabled
(   0.003s)              bench1.cpp:152   INFO| Memory endian mode disabled
(   0.003s)              bench1.cpp:168   INFO| Log instructions disabled
(   0.003s)              bench1.cpp:171   INFO| Checksum: 0xF376152A
(   0.003s)              bench1.cpp:175   INFO| Mode: jit (ppc_exec_until remains interpreter)
(   0.004s)             ppcexec.cpp:109   INFO| power_off_reason changed to po_benchmark_exception at "/tmp/dppc-na1w-jit-20261007/source/benchmark/bench1.cpp":36
(   0.004s)              bench1.cpp:197   INFO| Overhead Time: 0 ns
(   0.004s)              bench1.cpp:200   INFO| Doing ppc_exec
(   0.037s)              bench1.cpp:221   INFO| (1) 154500 ns, 202.2654 MiB/s
(   0.071s)              bench1.cpp:221   INFO| (2) 155000 ns, 201.6129 MiB/s
(   0.104s)              bench1.cpp:221   INFO| (3) 154375 ns, 202.4291 MiB/s
(   0.136s)              bench1.cpp:221   INFO| (4) 154375 ns, 202.4291 MiB/s
(   0.169s)              bench1.cpp:221   INFO| (5) 154292 ns, 202.5380 MiB/s
(   0.169s)              bench1.cpp:200   INFO| Doing ppc_exec_until
(   0.195s)              bench1.cpp:221   INFO| (1) 127125 ns, 245.8210 MiB/s
(   0.221s)              bench1.cpp:221   INFO| (2) 127333 ns, 245.4195 MiB/s
(   0.248s)              bench1.cpp:221   INFO| (3) 123791 ns, 252.4416 MiB/s
(   0.274s)              bench1.cpp:221   INFO| (4) 125208 ns, 249.5847 MiB/s
(   0.301s)              bench1.cpp:221   INFO| (5) 124167 ns, 251.6772 MiB/s
(   0.301s)              bench1.cpp:227   INFO| JIT native blocks: 9000, interpreter handoffs: 1000
(   0.301s)              loguru.cpp:541   INFO| atexit
108f6b493b318d8fbdf514d30c35ca13514d4ee5568b008fefbcc075332a03d3
4f30619a9f7ebba90f6649c903617aaed2f05a080bf74be6638216eef98b30aa
