( uptime  )                    file:line     v| 
(   0.000s)              loguru.cpp:665   INFO| arguments: /private/tmp/dppc-na1w-jit-20261007/bench1-relaxed-selfloop-quiet-x86_64 --jit
(   0.001s)              loguru.cpp:668   INFO| Current dir: /Users/mihai/Developer/source/infinite-mac/dingusppc
(   0.001s)              loguru.cpp:670   INFO| stderr verbosity: 0
(   0.001s)              loguru.cpp:671   INFO| -----------------------------------
(   0.001s)         memctrlbase.cpp:359   INFO| Added mmio region 0xFE000000..0xFE00FFFF (Grackle)
(   0.002s)         memctrlbase.cpp:359   INFO| Added mmio region 0xFEC00000..0xFEEFFFFF (Grackle)
(   0.002s)         memctrlbase.cpp:236   INFO| Added mem region 0x0..0x8FFF (RAM,) -> 0x0
(   0.003s)              bench1.cpp:89    INFO| Test size: 0x8000
(   0.003s)              bench1.cpp:90    INFO| First few bytes:
(   0.003s)              bench1.cpp:136   INFO| PPC endian mode disabled
(   0.003s)              bench1.cpp:152   INFO| Memory endian mode disabled
(   0.003s)              bench1.cpp:168   INFO| Log instructions disabled
(   0.003s)              bench1.cpp:171   INFO| Checksum: 0xF376152A
(   0.003s)              bench1.cpp:175   INFO| Mode: jit (ppc_exec_until remains interpreter)
(   0.004s)             ppcexec.cpp:109   INFO| power_off_reason changed to po_benchmark_exception at "/tmp/dppc-na1w-jit-20261007/source/benchmark/bench1.cpp":36
(   0.004s)              bench1.cpp:197   INFO| Overhead Time: 0 ns
(   0.004s)              bench1.cpp:200   INFO| Doing ppc_exec
(   0.061s)              bench1.cpp:221   INFO| (1) 266084 ns, 117.4441 MiB/s
(   0.118s)              bench1.cpp:221   INFO| (2) 265834 ns, 117.5546 MiB/s
(   0.176s)              bench1.cpp:221   INFO| (3) 266042 ns, 117.4627 MiB/s
(   0.234s)              bench1.cpp:221   INFO| (4) 266167 ns, 117.4075 MiB/s
[T055] disp=2000000 trans=9 flush=0 native=1999999 cache=9 icyc=18001870 ctx=2000000/0/0/0/0/0/0/0
(   0.291s)              bench1.cpp:221   INFO| (5) 266375 ns, 117.3158 MiB/s
(   0.291s)              bench1.cpp:200   INFO| Doing ppc_exec_until
(   0.321s)              bench1.cpp:221   INFO| (1) 142042 ns, 220.0054 MiB/s
(   0.351s)              bench1.cpp:221   INFO| (2) 141708 ns, 220.5239 MiB/s
(   0.382s)              bench1.cpp:221   INFO| (3) 144333 ns, 216.5132 MiB/s
(   0.412s)              bench1.cpp:221   INFO| (4) 140333 ns, 222.6846 MiB/s
(   0.442s)              bench1.cpp:221   INFO| (5) 140875 ns, 221.8279 MiB/s
(   0.442s)              bench1.cpp:227   INFO| JIT native blocks: 2055000, interpreter handoffs: 0
(   0.442s)              loguru.cpp:541   INFO| atexit
108f6b493b318d8fbdf514d30c35ca13514d4ee5568b008fefbcc075332a03d3
4f30619a9f7ebba90f6649c903617aaed2f05a080bf74be6638216eef98b30aa
