( uptime  )                    file:line     v| 
(   0.000s)              loguru.cpp:665   INFO| arguments: /private/tmp/dppc-na1w-jit-20261007/bench1-x86_64 --jit
(   0.001s)              loguru.cpp:668   INFO| Current dir: /Users/mihai/Developer/source/infinite-mac/dingusppc
(   0.001s)              loguru.cpp:670   INFO| stderr verbosity: 0
(   0.001s)              loguru.cpp:671   INFO| -----------------------------------
(   0.002s)         memctrlbase.cpp:359   INFO| Added mmio region 0xFE000000..0xFE00FFFF (Grackle)
(   0.002s)         memctrlbase.cpp:359   INFO| Added mmio region 0xFEC00000..0xFEEFFFFF (Grackle)
(   0.002s)         memctrlbase.cpp:236   INFO| Added mem region 0x0..0x8FFF (RAM,) -> 0x0
(   0.003s)              bench1.cpp:89    INFO| Test size: 0x8000
(   0.003s)              bench1.cpp:90    INFO| First few bytes:
(   0.003s)              bench1.cpp:136   INFO| PPC endian mode disabled
(   0.003s)              bench1.cpp:152   INFO| Memory endian mode disabled
(   0.003s)              bench1.cpp:168   INFO| Log instructions disabled
(   0.003s)              bench1.cpp:171   INFO| Checksum: 0xF376152A
(   0.003s)              bench1.cpp:175   INFO| Mode: jit (ppc_exec_until remains interpreter)
(   0.004s)             ppcexec.cpp:109   INFO| power_off_reason changed to po_benchmark_exception at "/tmp/dppc-na1w-jit-20261007/source/benchmark/bench1.cpp":36
(   0.004s)              bench1.cpp:197   INFO| Overhead Time: 0 ns
(   0.004s)              bench1.cpp:200   INFO| Doing ppc_exec
(   0.036s)              bench1.cpp:221   INFO| (1) 151167 ns, 206.7250 MiB/s
(   0.067s)              bench1.cpp:221   INFO| (2) 151250 ns, 206.6116 MiB/s
(   0.099s)              bench1.cpp:221   INFO| (3) 152750 ns, 204.5827 MiB/s
(   0.130s)              bench1.cpp:221   INFO| (4) 150709 ns, 207.3532 MiB/s
(   0.161s)              bench1.cpp:221   INFO| (5) 150667 ns, 207.4110 MiB/s
(   0.161s)              bench1.cpp:200   INFO| Doing ppc_exec_until
(   0.186s)              bench1.cpp:221   INFO| (1) 118708 ns, 263.2510 MiB/s
(   0.211s)              bench1.cpp:221   INFO| (2) 118000 ns, 264.8305 MiB/s
(   0.236s)              bench1.cpp:221   INFO| (3) 118125 ns, 264.5503 MiB/s
(   0.262s)              bench1.cpp:221   INFO| (4) 118500 ns, 263.7131 MiB/s
(   0.287s)              bench1.cpp:221   INFO| (5) 121291 ns, 257.6448 MiB/s
(   0.287s)              bench1.cpp:227   INFO| JIT native blocks: 9000, interpreter handoffs: 1000
(   0.288s)              loguru.cpp:541   INFO| atexit
108f6b493b318d8fbdf514d30c35ca13514d4ee5568b008fefbcc075332a03d3
4f30619a9f7ebba90f6649c903617aaed2f05a080bf74be6638216eef98b30aa
