108f6b493b318d8fbdf514d30c35ca13514d4ee5568b008fefbcc075332a03d3
4f30619a9f7ebba90f6649c903617aaed2f05a080bf74be6638216eef98b30aa
( uptime  )                    file:line     v| 
(   0.000s)              loguru.cpp:665   INFO| arguments: /tmp/dppc-upstream-carry-20261007/after
(   0.000s)              loguru.cpp:668   INFO| Current dir: /Users/mihai/Developer/source/infinite-mac/dingusppc
(   0.000s)              loguru.cpp:670   INFO| stderr verbosity: 0
(   0.000s)              loguru.cpp:671   INFO| -----------------------------------
(   0.000s)         memctrlbase.cpp:359   INFO| Added mmio region 0xFE000000..0xFE00FFFF (Grackle)
(   0.000s)         memctrlbase.cpp:359   INFO| Added mmio region 0xFEC00000..0xFEEFFFFF (Grackle)
(   0.000s)         memctrlbase.cpp:236   INFO| Added mem region 0x0..0x8FFF (RAM,) -> 0x0
(   0.001s)              bench1.cpp:83    INFO| Test size: 0x8000
(   0.001s)              bench1.cpp:84    INFO| First few bytes:
(   0.001s)              bench1.cpp:130   INFO| PPC endian mode disabled
(   0.001s)              bench1.cpp:146   INFO| Memory endian mode disabled
(   0.001s)              bench1.cpp:162   INFO| Log instructions disabled
(   0.001s)              bench1.cpp:165   INFO| Checksum: 0xF376152A
(   0.001s)              bench1.cpp:177   INFO| Overhead Time: 0 ns
(   0.001s)              bench1.cpp:180   INFO| Doing ppc_exec
(   0.001s)             ppcexec.cpp:103   INFO| power_off_reason changed to po_benchmark_exception at "/Users/mihai/Developer/source/infinite-mac/dingusppc/benchmark/bench1.cpp":32
(   0.018s)              bench1.cpp:200   INFO| (1) 58709 ns, 532.2864 MiB/s
(   0.032s)              bench1.cpp:200   INFO| (2) 58500 ns, 534.1880 MiB/s
(   0.048s)              bench1.cpp:200   INFO| (3) 71458 ns, 437.3198 MiB/s
(   0.062s)              bench1.cpp:200   INFO| (4) 68333 ns, 457.3193 MiB/s
(   0.075s)              bench1.cpp:200   INFO| (5) 63041 ns, 495.7091 MiB/s
(   0.075s)              bench1.cpp:180   INFO| Doing ppc_exec_until
(   0.088s)              bench1.cpp:200   INFO| (1) 61208 ns, 510.5542 MiB/s
(   0.100s)              bench1.cpp:200   INFO| (2) 58708 ns, 532.2954 MiB/s
(   0.112s)              bench1.cpp:200   INFO| (3) 58458 ns, 534.5718 MiB/s
(   0.124s)              bench1.cpp:200   INFO| (4) 58458 ns, 534.5718 MiB/s
(   0.136s)              bench1.cpp:200   INFO| (5) 58458 ns, 534.5718 MiB/s
(   0.136s)              loguru.cpp:541   INFO| atexit
