108f6b493b318d8fbdf514d30c35ca13514d4ee5568b008fefbcc075332a03d3
4f30619a9f7ebba90f6649c903617aaed2f05a080bf74be6638216eef98b30aa
( uptime  )                    file:line     v| 
(   0.000s)              loguru.cpp:665   INFO| arguments: /tmp/dppc-upstream-carry-20261007/before
(   0.000s)              loguru.cpp:668   INFO| Current dir: /Users/mihai/Developer/source/infinite-mac/dingusppc
(   0.000s)              loguru.cpp:670   INFO| stderr verbosity: 0
(   0.000s)              loguru.cpp:671   INFO| -----------------------------------
(   0.000s)         memctrlbase.cpp:359   INFO| Added mmio region 0xFE000000..0xFE00FFFF (Grackle)
(   0.000s)         memctrlbase.cpp:359   INFO| Added mmio region 0xFEC00000..0xFEEFFFFF (Grackle)
(   0.000s)         memctrlbase.cpp:236   INFO| Added mem region 0x0..0x8FFF (RAM,) -> 0x0
(   0.000s)              bench1.cpp:83    INFO| Test size: 0x8000
(   0.000s)              bench1.cpp:84    INFO| First few bytes:
(   0.001s)              bench1.cpp:130   INFO| PPC endian mode disabled
(   0.001s)              bench1.cpp:146   INFO| Memory endian mode disabled
(   0.001s)              bench1.cpp:162   INFO| Log instructions disabled
(   0.001s)              bench1.cpp:165   INFO| Checksum: 0xF376152A
(   0.001s)              bench1.cpp:177   INFO| Overhead Time: 0 ns
(   0.001s)              bench1.cpp:180   INFO| Doing ppc_exec
(   0.001s)             ppcexec.cpp:103   INFO| power_off_reason changed to po_benchmark_exception at "/Users/mihai/Developer/source/infinite-mac/dingusppc/benchmark/bench1.cpp":32
(   0.017s)              bench1.cpp:200   INFO| (1) 80041 ns, 390.4249 MiB/s
(   0.033s)              bench1.cpp:200   INFO| (2) 80042 ns, 390.4200 MiB/s
(   0.050s)              bench1.cpp:200   INFO| (3) 80125 ns, 390.0156 MiB/s
(   0.066s)              bench1.cpp:200   INFO| (4) 80084 ns, 390.2153 MiB/s
(   0.082s)              bench1.cpp:200   INFO| (5) 80083 ns, 390.2201 MiB/s
(   0.082s)              bench1.cpp:180   INFO| Doing ppc_exec_until
(   0.099s)              bench1.cpp:200   INFO| (1) 80208 ns, 389.6120 MiB/s
(   0.116s)              bench1.cpp:200   INFO| (2) 80541 ns, 388.0011 MiB/s
(   0.132s)              bench1.cpp:200   INFO| (3) 80458 ns, 388.4014 MiB/s
(   0.148s)              bench1.cpp:200   INFO| (4) 80458 ns, 388.4014 MiB/s
(   0.165s)              bench1.cpp:200   INFO| (5) 80375 ns, 388.8025 MiB/s
(   0.165s)              loguru.cpp:541   INFO| atexit
