Correctness: 549208 reference cases per version passed
Measured adde
Measured addic
Measured addc
Measured addme
Measured addze
Measured subfic
Measured subfc
Measured subfe
Measured subfme
Measured subfze
Measured add
Measured subf
{
  "adde": {
    "random": {
      "before_ns": 4.7313416,
      "after_ns": 1.9992957999999998,
      "change_percent": -57.74357531064762
    },
    "predictable": {
      "before_ns": 2.8067125,
      "after_ns": 3.1228708000000003,
      "change_percent": 11.264363557008416
    }
  },
  "addic": {
    "random": {
      "before_ns": 3.8160167,
      "after_ns": 3.8429333000000003,
      "change_percent": 0.7053585483522751
    },
    "predictable": {
      "before_ns": 2.6491583,
      "after_ns": 2.7016708,
      "change_percent": 1.9822333757858246
    }
  },
  "addc": {
    "random": {
      "before_ns": 3.6859667,
      "after_ns": 1.9255082,
      "change_percent": -47.761107011628724
    },
    "predictable": {
      "before_ns": 2.840375,
      "after_ns": 2.8397333,
      "change_percent": -0.022592087312423015
    }
  },
  "addme": {
    "random": {
      "before_ns": 3.85445,
      "after_ns": 3.7439792,
      "change_percent": -2.866058711359598
    },
    "predictable": {
      "before_ns": 3.6944749000000003,
      "after_ns": 3.4250749999999996,
      "change_percent": -7.291967256294008
    }
  },
  "addze": {
    "random": {
      "before_ns": 3.6562457999999998,
      "after_ns": 3.6610375,
      "change_percent": 0.13105519328049375
    },
    "predictable": {
      "before_ns": 3.1070999,
      "after_ns": 3.1204375,
      "change_percent": 0.429262026624877
    }
  },
  "subfic": {
    "random": {
      "before_ns": 3.8579708999999998,
      "after_ns": 3.8029375,
      "change_percent": -1.4264856170895346
    },
    "predictable": {
      "before_ns": 2.7890249999999996,
      "after_ns": 2.7638917000000003,
      "change_percent": -0.9011500434739528
    }
  },
  "subfc": {
    "random": {
      "before_ns": 3.6475375,
      "after_ns": 3.791925,
      "change_percent": 3.958492544627723
    },
    "predictable": {
      "before_ns": 2.8101958,
      "after_ns": 2.8633958,
      "change_percent": 1.8931065230401556
    }
  },
  "subfe": {
    "random": {
      "before_ns": 3.9103542,
      "after_ns": 3.8336417000000003,
      "change_percent": -1.9617788076588982
    },
    "predictable": {
      "before_ns": 3.4356459,
      "after_ns": 3.1588292,
      "change_percent": -8.057195300598352
    }
  },
  "subfme": {
    "random": {
      "before_ns": 3.6176291,
      "after_ns": 3.789425,
      "change_percent": 4.7488533304865355
    },
    "predictable": {
      "before_ns": 2.705925,
      "after_ns": 3.4154666000000002,
      "change_percent": 26.221776287221555
    }
  },
  "subfze": {
    "random": {
      "before_ns": 3.6603917,
      "after_ns": 3.7044833,
      "change_percent": 1.2045596103826828
    },
    "predictable": {
      "before_ns": 2.8909834,
      "after_ns": 3.1093418,
      "change_percent": 7.553083839914132
    }
  },
  "add": {
    "random": {
      "before_ns": 3.6069209,
      "after_ns": 3.6238707999999997,
      "change_percent": 0.46992713369455874
    },
    "predictable": {
      "before_ns": 2.5838417,
      "after_ns": 2.5295207,
      "change_percent": -2.102334674759676
    }
  },
  "subf": {
    "random": {
      "before_ns": 3.5982000000000003,
      "after_ns": 3.6248291000000004,
      "change_percent": 0.7400672558501409
    },
    "predictable": {
      "before_ns": 2.5691499999999996,
      "after_ns": 2.5372459,
      "change_percent": -1.2418153864118375
    }
  }
}
