( uptime  )                    file:line     v| 
(   0.000s)              loguru.cpp:668   INFO| arguments: /Users/mihai/Developer/source/infinite-mac/dingusppc/build-xcode/bin/Release/bench1
(   0.000s)              loguru.cpp:671   INFO| Current dir: /Users/mihai/Developer/source/retro/dolphin
(   0.000s)              loguru.cpp:673   INFO| stderr verbosity: 0
(   0.000s)              loguru.cpp:674   INFO| -----------------------------------
(   0.000s)         memctrlbase.cpp:359   INFO| Added mmio region 0xFE000000..0xFE00FFFF (Grackle)
(   0.000s)         memctrlbase.cpp:359   INFO| Added mmio region 0xFEC00000..0xFEEFFFFF (Grackle)
(   0.000s)         memctrlbase.cpp:236   INFO| Added mem region 0x0..0x8FFF (RAM,) -> 0x0
(   0.001s)              bench1.cpp:83    INFO| Test size: 0x8000
(   0.001s)              bench1.cpp:84    INFO| First few bytes:
(   0.001s)              bench1.cpp:130   INFO| PPC endian mode disabled
(   0.001s)              bench1.cpp:146   INFO| Memory endian mode disabled
(   0.001s)              bench1.cpp:162   INFO| Log instructions disabled
(   0.001s)              bench1.cpp:165   INFO| Checksum: 0xF376152A
(   0.001s)              bench1.cpp:177   INFO| Overhead Time: 0 ns
(   0.001s)              bench1.cpp:180   INFO| Doing ppc_exec
(   0.001s)             ppcexec.cpp:103   INFO| power_off_reason changed to po_benchmark_exception at "/Users/mihai/Developer/source/infinite-mac/dingusppc/benchmark/bench1.cpp":32
(   0.017s)              bench1.cpp:200   INFO| (1) 80333 ns, 389.0058 MiB/s
(   0.034s)              bench1.cpp:200   INFO| (2) 80500 ns, 388.1988 MiB/s
(   0.050s)              bench1.cpp:200   INFO| (3) 80708 ns, 387.1983 MiB/s
(   0.067s)              bench1.cpp:200   INFO| (4) 82750 ns, 377.6435 MiB/s
(   0.084s)              bench1.cpp:200   INFO| (5) 82875 ns, 377.0739 MiB/s
(   0.084s)              bench1.cpp:180   INFO| Doing ppc_exec_until
(   0.101s)              bench1.cpp:200   INFO| (1) 82458 ns, 378.9808 MiB/s
(   0.118s)              bench1.cpp:200   INFO| (2) 82416 ns, 379.1739 MiB/s
(   0.134s)              bench1.cpp:200   INFO| (3) 82375 ns, 379.3627 MiB/s
(   0.151s)              bench1.cpp:200   INFO| (4) 82292 ns, 379.7453 MiB/s
(   0.168s)              bench1.cpp:200   INFO| (5) 82292 ns, 379.7453 MiB/s
(   0.168s)              loguru.cpp:544   INFO| atexit
108f6b493b318d8fbdf514d30c35ca13514d4ee5568b008fefbcc075332a03d3
4f30619a9f7ebba90f6649c903617aaed2f05a080bf74be6638216eef98b30aa
