[CPU/CPU] <Warning> You are using the generic CPU!
[CPU/CPU] <Warning> This is much slower than the just-in-time compiler and
[CPU/CPU] <Warning> should only be used for debugging purposes or if there's
[CPU/CPU] <Warning> no just-in-time compiler for your platform.
Loading 50 instructions:
Instruction 00: 0x3863fffc addi      r3, r3, -4
Instruction 01: 0x7c861671 srawi.    r6, r4, 2
Instruction 02: 0x41820090 beq       cr0, 0x98
Instruction 03: 0x70600002 andi.     r0, r3, 2
Instruction 04: 0x41e2001c beq+      cr0, 0x2c
Instruction 05: 0xa0030004 lhz       r0, 4(r3)
Instruction 06: 0x3884fffe addi      r4, r4, -2
Instruction 07: 0x38630002 addi      r3, r3, 2
Instruction 08: 0x5486f0bf srwi.     r6, r4, 2
Instruction 09: 0x7ca50114 adde      r5, r5, r0
Instruction 10: 0x41820070 beq       cr0, 0x98
Instruction 11: 0x70c60003 andi.     r6, r6, 3
Instruction 12: 0x41820014 beq       cr0, 0x44
Instruction 13: 0x7cc903a6 mtctr     r6
Instruction 14: 0x84030004 lwzu      r0, 4(r3)
Instruction 15: 0x7ca50114 adde      r5, r5, r0
Instruction 16: 0x4200fff8 bdnz      0x38
Instruction 17: 0x5486e13f srwi.     r6, r4, 4
Instruction 18: 0x41820050 beq       cr0, 0x98
Instruction 19: 0x80030004 lwz       r0, 4(r3)
Instruction 20: 0x7cc903a6 mtctr     r6
Instruction 21: 0x80c30008 lwz       r6, 8(r3)
Instruction 22: 0x7ca50114 adde      r5, r5, r0
Instruction 23: 0x80e3000c lwz       r7, 12(r3)
Instruction 24: 0x7ca53114 adde      r5, r5, r6
Instruction 25: 0x85030010 lwzu      r8, 16(r3)
Instruction 26: 0x7ca53914 adde      r5, r5, r7
Instruction 27: 0x42400028 bdz       0x94
Instruction 28: 0x80030004 lwz       r0, 4(r3)
Instruction 29: 0x7ca54114 adde      r5, r5, r8
Instruction 30: 0x80c30008 lwz       r6, 8(r3)
Instruction 31: 0x7ca50114 adde      r5, r5, r0
Instruction 32: 0x80e3000c lwz       r7, 12(r3)
Instruction 33: 0x7ca53114 adde      r5, r5, r6
Instruction 34: 0x85030010 lwzu      r8, 16(r3)
Instruction 35: 0x7ca53914 adde      r5, r5, r7
Instruction 36: 0x4200ffe0 bdnz      0x70
Instruction 37: 0x7ca54114 adde      r5, r5, r8
Instruction 38: 0x70800002 andi.     r0, r4, 2
Instruction 39: 0x41e20010 beq+      cr0, 0xac
Instruction 40: 0xa0030004 lhz       r0, 4(r3)
Instruction 41: 0x38630002 addi      r3, r3, 2
Instruction 42: 0x7ca50114 adde      r5, r5, r0
Instruction 43: 0x70800001 andi.     r0, r4, 1
Instruction 44: 0x41e20010 beq+      cr0, 0xc0
Instruction 45: 0x88030004 lbz       r0, 4(r3)
Instruction 46: 0x5400402e slwi      r0, r0, 8
Instruction 47: 0x7ca50114 adde      r5, r5, r0
Instruction 48: 0x7c650194 addze     r3, r5
Instruction 49: 0x00005af0 dd         0x00005af0
Test size: 0x8000
First few bytes:
108f6b493b318d8fbdf514d30c35ca13514d4ee5568b008fefbcc075332a03d3
4f30619a9f7ebba90f6649c903617aaed2f05a080bf74be6638216eef98b30aa
Checksum: 0xF376152A
Overhead Time: 0 ns
Running benchmark...
(1) 71125 ns, 439.3673 MiB/s
(2) 71167 ns, 439.1080 MiB/s
(3) 71166 ns, 439.1142 MiB/s
(4) 71167 ns, 439.1080 MiB/s
(5) 71208 ns, 438.8552 MiB/s
