( uptime  )                    file:line     v| 
(   0.000s)              loguru.cpp:665   INFO| arguments: /private/tmp/dppc-na1w-jit-20261007/bench1-paired-x86_64 --paired
(   0.001s)              loguru.cpp:668   INFO| Current dir: /Users/mihai/Developer/source/infinite-mac/dingusppc
(   0.001s)              loguru.cpp:670   INFO| stderr verbosity: 0
(   0.001s)              loguru.cpp:671   INFO| -----------------------------------
(   0.002s)         memctrlbase.cpp:359   INFO| Added mmio region 0xFE000000..0xFE00FFFF (Grackle)
(   0.002s)         memctrlbase.cpp:359   INFO| Added mmio region 0xFEC00000..0xFEEFFFFF (Grackle)
(   0.002s)         memctrlbase.cpp:236   INFO| Added mem region 0x0..0x8FFF (RAM,) -> 0x0
(   0.003s)              bench1.cpp:90    INFO| Test size: 0x8000
(   0.003s)              bench1.cpp:91    INFO| First few bytes:
(   0.004s)              bench1.cpp:137   INFO| PPC endian mode disabled
(   0.004s)              bench1.cpp:153   INFO| Memory endian mode disabled
(   0.004s)              bench1.cpp:169   INFO| Log instructions disabled
(   0.004s)              bench1.cpp:172   INFO| Checksum: 0xF376152A
(   0.004s)              bench1.cpp:176   INFO| Mode: interpreter (ppc_exec_until remains interpreter)
(   0.005s)             ppcexec.cpp:109   INFO| power_off_reason changed to po_benchmark_exception at "/tmp/dppc-na1w-jit-20261007/source/benchmark/bench1.cpp":36
(   0.005s)              bench1.cpp:198   INFO| Overhead Time: 0 ns
(   0.005s)              bench1.cpp:201   INFO| Paired interpreter/JIT ppc_exec samples
(   0.073s)              bench1.cpp:223   INFO| Pair (1): interpreter 157667 ns, jit 158292 ns
(   0.140s)              bench1.cpp:223   INFO| Pair (2): interpreter 157541 ns, jit 158291 ns
(   0.208s)              bench1.cpp:223   INFO| Pair (3): interpreter 157542 ns, jit 158000 ns
(   0.276s)              bench1.cpp:223   INFO| Pair (4): interpreter 157625 ns, jit 158209 ns
(   0.344s)              bench1.cpp:223   INFO| Pair (5): interpreter 157417 ns, jit 158000 ns
(   0.344s)              bench1.cpp:256   INFO| JIT native blocks: 9000, interpreter handoffs: 1000
(   0.344s)              loguru.cpp:541   INFO| atexit
108f6b493b318d8fbdf514d30c35ca13514d4ee5568b008fefbcc075332a03d3
4f30619a9f7ebba90f6649c903617aaed2f05a080bf74be6638216eef98b30aa
