108f6b493b318d8fbdf514d30c35ca13514d4ee5568b008fefbcc075332a03d3
4f30619a9f7ebba90f6649c903617aaed2f05a080bf74be6638216eef98b30aa
( uptime  )                    file:line     v| 
(   0.000s)              loguru.cpp:668   INFO| arguments: /tmp/dppc-carry-shared-20261006/baseline
(   0.000s)              loguru.cpp:671   INFO| Current dir: /Users/mihai/Developer/source/infinite-mac/dingusppc
(   0.000s)              loguru.cpp:673   INFO| stderr verbosity: 0
(   0.000s)              loguru.cpp:674   INFO| -----------------------------------
(   0.000s)         memctrlbase.cpp:359   INFO| Added mmio region 0xFE000000..0xFE00FFFF (Grackle)
(   0.000s)         memctrlbase.cpp:359   INFO| Added mmio region 0xFEC00000..0xFEEFFFFF (Grackle)
(   0.000s)         memctrlbase.cpp:236   INFO| Added mem region 0x0..0x8FFF (RAM,) -> 0x0
(   0.001s)              bench1.cpp:83    INFO| Test size: 0x8000
(   0.001s)              bench1.cpp:84    INFO| First few bytes:
(   0.001s)              bench1.cpp:130   INFO| PPC endian mode disabled
(   0.001s)              bench1.cpp:146   INFO| Memory endian mode disabled
(   0.001s)              bench1.cpp:162   INFO| Log instructions disabled
(   0.001s)              bench1.cpp:165   INFO| Checksum: 0xF376152A
(   0.001s)              bench1.cpp:177   INFO| Overhead Time: 0 ns
(   0.001s)              bench1.cpp:180   INFO| Doing ppc_exec
(   0.001s)             ppcexec.cpp:103   INFO| power_off_reason changed to po_benchmark_exception at "/Users/mihai/Developer/source/infinite-mac/dingusppc/benchmark/bench1.cpp":32
(   0.027s)              bench1.cpp:200   INFO| (1) 82291 ns, 379.7499 MiB/s
(   0.047s)              bench1.cpp:200   INFO| (2) 80083 ns, 390.2201 MiB/s
(   0.067s)              bench1.cpp:200   INFO| (3) 93583 ns, 333.9282 MiB/s
(   0.085s)              bench1.cpp:200   INFO| (4) 86166 ns, 362.6721 MiB/s
(   0.102s)              bench1.cpp:200   INFO| (5) 82458 ns, 378.9808 MiB/s
(   0.102s)              bench1.cpp:180   INFO| Doing ppc_exec_until
(   0.118s)              bench1.cpp:200   INFO| (1) 80542 ns, 387.9963 MiB/s
(   0.134s)              bench1.cpp:200   INFO| (2) 80625 ns, 387.5969 MiB/s
(   0.151s)              bench1.cpp:200   INFO| (3) 80583 ns, 387.7989 MiB/s
(   0.167s)              bench1.cpp:200   INFO| (4) 80416 ns, 388.6043 MiB/s
(   0.183s)              bench1.cpp:200   INFO| (5) 80458 ns, 388.4014 MiB/s
(   0.183s)              loguru.cpp:544   INFO| atexit
